Success: {'nodes': 134, 'edges': 105, 'density': 0.00589159465828751}